// Jest Snapshot v1, https://goo.gl/fbAQLP

exports[`a página de configuração deve ser renderizada corretamente 1`] = `
<div>
  <form
    class="sc-jSUZER bxDDSz"
  >
    <input
      class="sc-eDvSVe sc-gKPRtg fraXeO eghZwS"
      placeholder="Insira os nomes dos participantes"
      type="text"
      value=""
    />
    <br />
    <button
      class="sc-hLBbgP sc-iBYQkv dmFCNE crNtjl"
      disabled=""
    >
      Adicionar
    </button>
    
  </form>
  <ul
    class="sc-ftTHYK ftCTgu"
  />
  <footer
    class="sc-jrcTuL bqBtfz"
  >
    <button
      class="sc-hLBbgP sc-kDvujY dmFCNE jWjObt"
      disabled=""
    >
      <img
        alt="Ícone Play"
        src="play_circle.png"
      />
      Iniciar brincandeira!
    </button>
    <img
      alt="Duas sacolas de compra"
      class="sc-dkrFOg sc-ipEyDJ gNpQTD eFqijj"
      src="wavy-buddies-shopping-bags.png"
    />
  </footer>
</div>
`;
